This is pdfTeX, Version 3.141592653-2.6-1.40.27 (TeX Live 2025) (preloaded format=pdflatex)
 restricted \write18 enabled.
entering extended mode
(./main.tex
LaTeX2e <2024-11-01> patch level 2
L3 programming layer <2025-01-18>
(/usr/local/texlive/2025/texmf-dist/tex/latex/memoir/memoir.cls
Document Class: memoir 2025/03/06 v3.8.3 configurable book, report, article doc
ument class
(/usr/local/texlive/2025/texmf-dist/tex/latex/xpatch/xpatch.sty
(/usr/local/texlive/2025/texmf-dist/tex/latex/l3kernel/expl3.sty
(/usr/local/texlive/2025/texmf-dist/tex/latex/l3backend/l3backend-pdftex.def))
(/usr/local/texlive/2025/texmf-dist/tex/latex/l3packages/xparse/xparse.sty)
(/usr/local/texlive/2025/texmf-dist/tex/latex/etoolbox/etoolbox.sty))
(/usr/local/texlive/2025/texmf-dist/tex/generic/iftex/iftex.sty)
(/usr/local/texlive/2025/texmf-dist/tex/latex/memoir/mem11.clo)
(/usr/local/texlive/2025/texmf-dist/tex/latex/tools/array.sty)
(/usr/local/texlive/2025/texmf-dist/tex/latex/tools/dcolumn.sty)
(/usr/local/texlive/2025/texmf-dist/tex/latex/tools/delarray.sty)
(/usr/local/texlive/2025/texmf-dist/tex/latex/tools/tabularx.sty)
(/usr/local/texlive/2025/texmf-dist/tex/latex/booktabs/booktabs.sty)
(/usr/local/texlive/2025/texmf-dist/tex/latex/hyperref/nameref.sty
(/usr/local/texlive/2025/texmf-dist/tex/latex/refcount/refcount.sty
(/usr/local/texlive/2025/texmf-dist/tex/generic/ltxcmds/ltxcmds.sty)
(/usr/local/texlive/2025/texmf-dist/tex/generic/infwarerr/infwarerr.sty))
(/usr/local/texlive/2025/texmf-dist/tex/generic/gettitlestring/gettitlestring.s
ty (/usr/local/texlive/2025/texmf-dist/tex/latex/kvoptions/kvoptions.sty
(/usr/local/texlive/2025/texmf-dist/tex/latex/graphics/keyval.sty)
(/usr/local/texlive/2025/texmf-dist/tex/latex/kvsetkeys/kvsetkeys.sty))))
(/usr/local/texlive/2025/texmf-dist/tex/latex/tools/verbatim.sty)
(/usr/local/texlive/2025/texmf-dist/tex/latex/base/shortvrb.sty)
(/usr/local/texlive/2025/texmf-dist/tex/latex/textcase/textcase.sty))
(/Users/raeez/latex-template/raeez-math-template.sty
(/usr/local/texlive/2025/texmf-dist/tex/generic/pdftex/glyphtounicode.tex)
(/usr/local/texlive/2025/texmf-dist/tex/latex/cmap/cmap.sty)
(/usr/local/texlive/2025/texmf-dist/tex/latex/base/fontenc.sty<<t1.cmap>>)
(/usr/local/texlive/2025/texmf-dist/tex/latex/base/inputenc.sty)
(/usr/local/texlive/2025/texmf-dist/tex/latex/lm/lmodern.sty)
(/usr/local/texlive/2025/texmf-dist/tex/latex/ebgaramond/ebgaramond.sty
(/usr/local/texlive/2025/texmf-dist/tex/generic/iftex/ifxetex.sty)
(/usr/local/texlive/2025/texmf-dist/tex/generic/iftex/ifluatex.sty)
(/usr/local/texlive/2025/texmf-dist/tex/latex/xkeyval/xkeyval.sty
(/usr/local/texlive/2025/texmf-dist/tex/generic/xkeyval/xkeyval.tex
(/usr/local/texlive/2025/texmf-dist/tex/generic/xkeyval/xkvutils.tex)))
(/usr/local/texlive/2025/texmf-dist/tex/latex/base/textcomp.sty)
(/usr/local/texlive/2025/texmf-dist/tex/latex/base/fontenc.sty
(/usr/local/texlive/2025/texmf-dist/tex/latex/lm/t1lmr.fd))
(/usr/local/texlive/2025/texmf-dist/tex/latex/fontaxes/fontaxes.sty))
(/usr/local/texlive/2025/texmf-dist/tex/latex/sourcesanspro/sourcesanspro.sty
(/usr/local/texlive/2025/texmf-dist/tex/latex/base/fontenc.sty
(/usr/local/texlive/2025/texmf-dist/tex/latex/ly1/ly1enc.def
(/usr/local/texlive/2025/texmf-dist/tex/latex/base/ly1enc.dfu))
(/usr/local/texlive/2025/texmf-dist/tex/latex/ebgaramond/T1EBGaramond-OsF.fd)))
 (/usr/local/texlive/2025/texmf-dist/tex/latex/inconsolata/inconsolata.sty
`inconsolata-zi4' v1.12, 2019/05/17 Text macros for Inconsolata (msharpe))
(/usr/local/texlive/2025/texmf-dist/tex/latex/inconsolata/t1zi4.fd)
(/usr/local/texlive/2025/texmf-dist/tex/latex/newtx/newtxmath.sty
`newtxmath' v1.754, 2024/09/22 Math macros based originally on txfonts (msharpe
) (/usr/local/texlive/2025/texmf-dist/tex/latex/amsmath/amsmath.sty
For additional information on amsmath, use the `?' option.
(/usr/local/texlive/2025/texmf-dist/tex/latex/amsmath/amstext.sty
(/usr/local/texlive/2025/texmf-dist/tex/latex/amsmath/amsgen.sty))
(/usr/local/texlive/2025/texmf-dist/tex/latex/amsmath/amsbsy.sty)
(/usr/local/texlive/2025/texmf-dist/tex/latex/amsmath/amsopn.sty))
(/usr/local/texlive/2025/texmf-dist/tex/latex/base/ifthen.sty)
(/usr/local/texlive/2025/texmf-dist/tex/latex/oberdiek/centernot.sty)
(/usr/local/texlive/2025/texmf-dist/tex/generic/kastrup/binhex.tex)
amsthm NOT loaded
) (/usr/local/texlive/2025/texmf-dist/tex/latex/microtype/microtype.sty
(/usr/local/texlive/2025/texmf-dist/tex/latex/microtype/microtype-pdftex.def)
(/usr/local/texlive/2025/texmf-dist/tex/latex/microtype/microtype.cfg))
(/usr/local/texlive/2025/texmf-dist/tex/generic/mleftright/mleftright.sty)
(/usr/local/texlive/2025/texmf-dist/tex/latex/amscls/amsthm.sty)
(/usr/local/texlive/2025/texmf-dist/tex/latex/amsfonts/amssymb.sty
(/usr/local/texlive/2025/texmf-dist/tex/latex/amsfonts/amsfonts.sty))
(/usr/local/texlive/2025/texmf-dist/tex/latex/amsrefs/amsrefs.sty
(/usr/local/texlive/2025/texmf-dist/tex/latex/url/url.sty)
(/usr/local/texlive/2025/texmf-dist/tex/latex/amsrefs/pcatcode.sty)
(/usr/local/texlive/2025/texmf-dist/tex/latex/amsrefs/ifoption.sty)
(/usr/local/texlive/2025/texmf-dist/tex/latex/amsrefs/rkeyval.sty)
(/usr/local/texlive/2025/texmf-dist/tex/latex/amsrefs/textcmds.sty)
(/usr/local/texlive/2025/texmf-dist/tex/latex/amsrefs/mathscinet.sty))
(/usr/local/texlive/2025/texmf-dist/tex/latex/mathtools/mathtools.sty
(/usr/local/texlive/2025/texmf-dist/tex/latex/tools/calc.sty)
(/usr/local/texlive/2025/texmf-dist/tex/latex/mathtools/mhsetup.sty))
(/usr/local/texlive/2025/texmf-dist/tex/latex/graphics/graphicx.sty
(/usr/local/texlive/2025/texmf-dist/tex/latex/graphics/graphics.sty
(/usr/local/texlive/2025/texmf-dist/tex/latex/graphics/trig.sty)
(/usr/local/texlive/2025/texmf-dist/tex/latex/graphics-cfg/graphics.cfg)
(/usr/local/texlive/2025/texmf-dist/tex/latex/graphics-def/pdftex.def)))
(/usr/local/texlive/2025/texmf-dist/tex/latex/float/float.sty)
(/usr/local/texlive/2025/texmf-dist/tex/latex/tikz-cd/tikz-cd.sty
(/usr/local/texlive/2025/texmf-dist/tex/latex/pgf/frontendlayer/tikz.sty
(/usr/local/texlive/2025/texmf-dist/tex/latex/pgf/basiclayer/pgf.sty
(/usr/local/texlive/2025/texmf-dist/tex/latex/pgf/utilities/pgfrcs.sty
(/usr/local/texlive/2025/texmf-dist/tex/generic/pgf/utilities/pgfutil-common.te
x)
(/usr/local/texlive/2025/texmf-dist/tex/generic/pgf/utilities/pgfutil-latex.def
) (/usr/local/texlive/2025/texmf-dist/tex/generic/pgf/utilities/pgfrcs.code.tex
(/usr/local/texlive/2025/texmf-dist/tex/generic/pgf/pgf.revision.tex)))
(/usr/local/texlive/2025/texmf-dist/tex/latex/pgf/basiclayer/pgfcore.sty
(/usr/local/texlive/2025/texmf-dist/tex/latex/pgf/systemlayer/pgfsys.sty
(/usr/local/texlive/2025/texmf-dist/tex/generic/pgf/systemlayer/pgfsys.code.tex
(/usr/local/texlive/2025/texmf-dist/tex/generic/pgf/utilities/pgfkeys.code.tex
(/usr/local/texlive/2025/texmf-dist/tex/generic/pgf/utilities/pgfkeyslibraryfil
tered.code.tex))
(/usr/local/texlive/2025/texmf-dist/tex/generic/pgf/systemlayer/pgf.cfg)
(/usr/local/texlive/2025/texmf-dist/tex/generic/pgf/systemlayer/pgfsys-pdftex.d
ef
(/usr/local/texlive/2025/texmf-dist/tex/generic/pgf/systemlayer/pgfsys-common-p
df.def)))
(/usr/local/texlive/2025/texmf-dist/tex/generic/pgf/systemlayer/pgfsyssoftpath.
code.tex)
(/usr/local/texlive/2025/texmf-dist/tex/generic/pgf/systemlayer/pgfsysprotocol.
code.tex)) (/usr/local/texlive/2025/texmf-dist/tex/latex/xcolor/xcolor.sty
(/usr/local/texlive/2025/texmf-dist/tex/latex/graphics-cfg/color.cfg)
(/usr/local/texlive/2025/texmf-dist/tex/latex/graphics/mathcolor.ltx))
(/usr/local/texlive/2025/texmf-dist/tex/latex/graphics/dvipsnam.def)
(/usr/local/texlive/2025/texmf-dist/tex/latex/xcolor/svgnam.def)
(/usr/local/texlive/2025/texmf-dist/tex/generic/pgf/basiclayer/pgfcore.code.tex
(/usr/local/texlive/2025/texmf-dist/tex/generic/pgf/math/pgfmath.code.tex
(/usr/local/texlive/2025/texmf-dist/tex/generic/pgf/math/pgfmathutil.code.tex)
(/usr/local/texlive/2025/texmf-dist/tex/generic/pgf/math/pgfmathparser.code.tex
)
(/usr/local/texlive/2025/texmf-dist/tex/generic/pgf/math/pgfmathfunctions.code.
tex)
(/usr/local/texlive/2025/texmf-dist/tex/generic/pgf/math/pgfmathfunctions.basic
.code.tex)
(/usr/local/texlive/2025/texmf-dist/tex/generic/pgf/math/pgfmathfunctions.trigo
nometric.code.tex)
(/usr/local/texlive/2025/texmf-dist/tex/generic/pgf/math/pgfmathfunctions.rando
m.code.tex)
(/usr/local/texlive/2025/texmf-dist/tex/generic/pgf/math/pgfmathfunctions.compa
rison.code.tex)
(/usr/local/texlive/2025/texmf-dist/tex/generic/pgf/math/pgfmathfunctions.base.
code.tex)
(/usr/local/texlive/2025/texmf-dist/tex/generic/pgf/math/pgfmathfunctions.round
.code.tex)
(/usr/local/texlive/2025/texmf-dist/tex/generic/pgf/math/pgfmathfunctions.misc.
code.tex)
(/usr/local/texlive/2025/texmf-dist/tex/generic/pgf/math/pgfmathfunctions.integ
erarithmetics.code.tex)
(/usr/local/texlive/2025/texmf-dist/tex/generic/pgf/math/pgfmathcalc.code.tex)
(/usr/local/texlive/2025/texmf-dist/tex/generic/pgf/math/pgfmathfloat.code.tex)
) (/usr/local/texlive/2025/texmf-dist/tex/generic/pgf/math/pgfint.code.tex)
(/usr/local/texlive/2025/texmf-dist/tex/generic/pgf/basiclayer/pgfcorepoints.co
de.tex)
(/usr/local/texlive/2025/texmf-dist/tex/generic/pgf/basiclayer/pgfcorepathconst
ruct.code.tex)
(/usr/local/texlive/2025/texmf-dist/tex/generic/pgf/basiclayer/pgfcorepathusage
.code.tex)
(/usr/local/texlive/2025/texmf-dist/tex/generic/pgf/basiclayer/pgfcorescopes.co
de.tex)
(/usr/local/texlive/2025/texmf-dist/tex/generic/pgf/basiclayer/pgfcoregraphicst
ate.code.tex)
(/usr/local/texlive/2025/texmf-dist/tex/generic/pgf/basiclayer/pgfcoretransform
ations.code.tex)
(/usr/local/texlive/2025/texmf-dist/tex/generic/pgf/basiclayer/pgfcorequick.cod
e.tex)
(/usr/local/texlive/2025/texmf-dist/tex/generic/pgf/basiclayer/pgfcoreobjects.c
ode.tex)
(/usr/local/texlive/2025/texmf-dist/tex/generic/pgf/basiclayer/pgfcorepathproce
ssing.code.tex)
(/usr/local/texlive/2025/texmf-dist/tex/generic/pgf/basiclayer/pgfcorearrows.co
de.tex)
(/usr/local/texlive/2025/texmf-dist/tex/generic/pgf/basiclayer/pgfcoreshade.cod
e.tex)
(/usr/local/texlive/2025/texmf-dist/tex/generic/pgf/basiclayer/pgfcoreimage.cod
e.tex)
(/usr/local/texlive/2025/texmf-dist/tex/generic/pgf/basiclayer/pgfcoreexternal.
code.tex)
(/usr/local/texlive/2025/texmf-dist/tex/generic/pgf/basiclayer/pgfcorelayers.co
de.tex)
(/usr/local/texlive/2025/texmf-dist/tex/generic/pgf/basiclayer/pgfcoretranspare
ncy.code.tex)
(/usr/local/texlive/2025/texmf-dist/tex/generic/pgf/basiclayer/pgfcorepatterns.
code.tex)
(/usr/local/texlive/2025/texmf-dist/tex/generic/pgf/basiclayer/pgfcorerdf.code.
tex)))
(/usr/local/texlive/2025/texmf-dist/tex/generic/pgf/modules/pgfmoduleshapes.cod
e.tex)
(/usr/local/texlive/2025/texmf-dist/tex/generic/pgf/modules/pgfmoduleplot.code.
tex)
(/usr/local/texlive/2025/texmf-dist/tex/latex/pgf/compatibility/pgfcomp-version
-0-65.sty)
(/usr/local/texlive/2025/texmf-dist/tex/latex/pgf/compatibility/pgfcomp-version
-1-18.sty))
(/usr/local/texlive/2025/texmf-dist/tex/latex/pgf/utilities/pgffor.sty
(/usr/local/texlive/2025/texmf-dist/tex/latex/pgf/utilities/pgfkeys.sty
(/usr/local/texlive/2025/texmf-dist/tex/generic/pgf/utilities/pgfkeys.code.tex)
) (/usr/local/texlive/2025/texmf-dist/tex/latex/pgf/math/pgfmath.sty
(/usr/local/texlive/2025/texmf-dist/tex/generic/pgf/math/pgfmath.code.tex))
(/usr/local/texlive/2025/texmf-dist/tex/generic/pgf/utilities/pgffor.code.tex))

(/usr/local/texlive/2025/texmf-dist/tex/generic/pgf/frontendlayer/tikz/tikz.cod
e.tex
(/usr/local/texlive/2025/texmf-dist/tex/generic/pgf/libraries/pgflibraryplothan
dlers.code.tex)
(/usr/local/texlive/2025/texmf-dist/tex/generic/pgf/modules/pgfmodulematrix.cod
e.tex)
(/usr/local/texlive/2025/texmf-dist/tex/generic/pgf/frontendlayer/tikz/librarie
s/tikzlibrarytopaths.code.tex)))
(/usr/local/texlive/2025/texmf-dist/tex/generic/tikz-cd/tikzlibrarycd.code.tex
(/usr/local/texlive/2025/texmf-dist/tex/generic/pgf/frontendlayer/tikz/librarie
s/tikzlibrarymatrix.code.tex)
(/usr/local/texlive/2025/texmf-dist/tex/generic/pgf/frontendlayer/tikz/librarie
s/tikzlibraryquotes.code.tex)
(/usr/local/texlive/2025/texmf-dist/tex/generic/pgf/libraries/pgflibraryarrows.
meta.code.tex)))
(/usr/local/texlive/2025/texmf-dist/tex/generic/pgf/frontendlayer/tikz/librarie
s/tikzlibrarypositioning.code.tex)
(/usr/local/texlive/2025/texmf-dist/tex/generic/pgf/frontendlayer/tikz/librarie
s/tikzlibrarycalc.code.tex)
(/usr/local/texlive/2025/texmf-dist/tex/generic/pgf/frontendlayer/tikz/librarie
s/tikzlibrarydecorations.markings.code.tex
(/usr/local/texlive/2025/texmf-dist/tex/generic/pgf/frontendlayer/tikz/librarie
s/tikzlibrarydecorations.code.tex
(/usr/local/texlive/2025/texmf-dist/tex/generic/pgf/modules/pgfmoduledecoration
s.code.tex))
(/usr/local/texlive/2025/texmf-dist/tex/generic/pgf/libraries/decorations/pgfli
brarydecorations.markings.code.tex))
(/usr/local/texlive/2025/texmf-dist/tex/latex/xurl/xurl.sty)
(/usr/local/texlive/2025/texmf-dist/tex/latex/hyperref/hyperref.sty
(/usr/local/texlive/2025/texmf-dist/tex/generic/kvdefinekeys/kvdefinekeys.sty)
(/usr/local/texlive/2025/texmf-dist/tex/generic/pdfescape/pdfescape.sty
(/usr/local/texlive/2025/texmf-dist/tex/generic/pdftexcmds/pdftexcmds.sty))
(/usr/local/texlive/2025/texmf-dist/tex/latex/hycolor/hycolor.sty)
(/usr/local/texlive/2025/texmf-dist/tex/generic/stringenc/stringenc.sty)
(/usr/local/texlive/2025/texmf-dist/tex/latex/hyperref/pd1enc.def)
(/usr/local/texlive/2025/texmf-dist/tex/generic/intcalc/intcalc.sty)
(/usr/local/texlive/2025/texmf-dist/tex/latex/hyperref/puenc.def)
(/usr/local/texlive/2025/texmf-dist/tex/latex/hyperref/psdextra.def)
(/usr/local/texlive/2025/texmf-dist/tex/generic/bitset/bitset.sty
(/usr/local/texlive/2025/texmf-dist/tex/generic/bigintcalc/bigintcalc.sty))
(/usr/local/texlive/2025/texmf-dist/tex/latex/base/atbegshi-ltx.sty))
(/usr/local/texlive/2025/texmf-dist/tex/latex/hyperref/hpdftex.def
(/usr/local/texlive/2025/texmf-dist/tex/latex/base/atveryend-ltx.sty)
(/usr/local/texlive/2025/texmf-dist/tex/latex/rerunfilecheck/rerunfilecheck.sty

(/usr/local/texlive/2025/texmf-dist/tex/generic/uniquecounter/uniquecounter.sty
))) (/usr/local/texlive/2025/texmf-dist/tex/latex/memoir/memhfixc.sty)
(/usr/local/texlive/2025/texmf-dist/tex/latex/bookmark/bookmark.sty
(/usr/local/texlive/2025/texmf-dist/tex/latex/bookmark/bkm-pdftex.def))
(/usr/local/texlive/2025/texmf-dist/tex/latex/geometry/geometry.sty
(/usr/local/texlive/2025/texmf-dist/tex/generic/iftex/ifvtex.sty))
(/usr/local/texlive/2025/texmf-dist/tex/latex/algorithms/algorithm.sty)
(/usr/local/texlive/2025/texmf-dist/tex/latex/algorithmicx/algpseudocode.sty
(/usr/local/texlive/2025/texmf-dist/tex/latex/algorithmicx/algorithmicx.sty
Document Style algorithmicx 1.2 - a greatly improved `algorithmic' style
)
Document Style - pseudocode environments for use with the `algorithmicx' style
) (/usr/local/texlive/2025/texmf-dist/tex/latex/tcolorbox/tcolorbox.sty
(/usr/local/texlive/2025/texmf-dist/tex/latex/environ/environ.sty
(/usr/local/texlive/2025/texmf-dist/tex/latex/trimspaces/trimspaces.sty)))
(/usr/local/texlive/2025/texmf-dist/tex/latex/tools/longtable.sty)
(/usr/local/texlive/2025/texmf-dist/tex/latex/tools/multicol.sty)
(/usr/local/texlive/2025/texmf-dist/tex/latex/enumitem/enumitem.sty)
(/usr/local/texlive/2025/texmf-dist/tex/latex/nowidow/nowidow.sty)
(/usr/local/texlive/2025/texmf-dist/tex/latex/jknapltx/mathrsfs.sty)
(/usr/local/texlive/2025/texmf-dist/tex/latex/tools/bm.sty)
(/usr/local/texlive/2025/texmf-dist/tex/latex/makecell/makecell.sty)
(/usr/local/texlive/2025/texmf-dist/tex/latex/newunicodechar/newunicodechar.sty
) (/usr/local/texlive/2025/texmf-dist/tex/latex/thmtools/thmtools.sty
(/usr/local/texlive/2025/texmf-dist/tex/latex/thmtools/thm-patch.sty
(/usr/local/texlive/2025/texmf-dist/tex/latex/thmtools/parseargs.sty))
(/usr/local/texlive/2025/texmf-dist/tex/latex/thmtools/thm-kv.sty)
(/usr/local/texlive/2025/texmf-dist/tex/latex/thmtools/thm-autoref.sty
(/usr/local/texlive/2025/texmf-dist/tex/latex/thmtools/aliasctr.sty))
(/usr/local/texlive/2025/texmf-dist/tex/latex/thmtools/thm-listof.sty)
(/usr/local/texlive/2025/texmf-dist/tex/latex/thmtools/thm-restate.sty)
(/usr/local/texlive/2025/texmf-dist/tex/latex/thmtools/thm-amsthm.sty))
Writing index file main.idx 
) (./platonic.sty
(/usr/local/texlive/2025/texmf-dist/tex/generic/pgf/frontendlayer/tikz/librarie
s/tikzlibrarydecorations.pathmorphing.code.tex
(/usr/local/texlive/2025/texmf-dist/tex/generic/pgf/libraries/decorations/pgfli
brarydecorations.pathmorphing.code.tex))
(/usr/local/texlive/2025/texmf-dist/tex/latex/cleveref/cleveref.sty)
(/usr/local/texlive/2025/texmf-dist/tex/latex/csquotes/csquotes.sty
(/usr/local/texlive/2025/texmf-dist/tex/latex/csquotes/csquotes.def)
(/usr/local/texlive/2025/texmf-dist/tex/latex/csquotes/csquotes.cfg))
(/usr/local/texlive/2025/texmf-dist/tex/latex/was/upgreek.sty))
(./integrated_macros.tex)
(/usr/local/texlive/2025/texmf-dist/tex/generic/stringenc/se-pdfdoc.def)
(./main.aux) (/usr/local/texlive/2025/texmf-dist/tex/latex/newtx/omlntxebgmi.fd
) (/usr/local/texlive/2025/texmf-dist/tex/latex/newtx/untxexa.fd)
(/usr/local/texlive/2025/texmf-dist/tex/latex/ly1/ly1ptm.fd)
(/usr/local/texlive/2025/texmf-dist/tex/latex/newtx/lmsntxsy.fd)
(/usr/local/texlive/2025/texmf-dist/tex/latex/newtx/lmxntxexx.fd)
(/usr/local/texlive/2025/texmf-dist/tex/latex/upquote/upquote.sty)
(/usr/local/texlive/2025/texmf-dist/tex/latex/microtype/mt-EBGaramond.cfg)

Package hyperref Warning: Token not allowed in a PDF string (Unicode):
(hyperref)                removing `\\' on input line 12.

(/usr/local/texlive/2025/texmf-dist/tex/context/base/mkii/supp-pdf.mkii
[Loading MPS to PDF converter (version 2006.09.02).]
) (/usr/local/texlive/2025/texmf-dist/tex/latex/epstopdf-pkg/epstopdf-base.sty
(/usr/local/texlive/2025/texmf-dist/tex/latex/latexconfig/epstopdf-sys.cfg))
*geometry* driver: auto-detecting
*geometry* detected driver: pdftex
<<oml.cmap>> (/usr/local/texlive/2025/texmf-dist/tex/latex/newtx/untxmia.fd)
(/usr/local/texlive/2025/texmf-dist/tex/latex/newtx/untxsyc.fd)
(/usr/local/texlive/2025/texmf-dist/tex/latex/amsfonts/umsa.fd)
(/usr/local/texlive/2025/texmf-dist/tex/latex/microtype/mt-msa.cfg)
(/usr/local/texlive/2025/texmf-dist/tex/latex/amsfonts/umsb.fd)
(/usr/local/texlive/2025/texmf-dist/tex/latex/microtype/mt-msb.cfg)
(/usr/local/texlive/2025/texmf-dist/tex/latex/microtype/mt-eur.cfg)
[1{/usr/local/texlive/2025/texmf-var/fonts/map/pdftex/updmap/pdftex.map}{/usr/l
ocal/texlive/2025/texmf-dist/fonts/enc/dvips/ebgaramond/ebg_tcdnmr.enc}]
[2]
[3]
[4]
[5]
[6] (./main.toc
[7
checksum mismatch in font ntxebgmia.vf ignored
character width mismatch in font ntxebgmia.vf ignored
character width mismatch in font ntxebgmia.vf ignored
character width mismatch in font ntxebgmia.vf ignored
character width mismatch in font ntxebgmia.vf ignored
character width mismatch in font ntxebgmia.vf ignored
character width mismatch in font ntxebgmia.vf ignored
character width mismatch in font ntxebgmia.vf ignored
character width mismatch in font ntxebgmia.vf ignored
character width mismatch in font ntxebgmia.vf ignored{/usr/local/texlive/2025/t
exmf-dist/fonts/enc/dvips/ebgaramond/ebg_byuyni.enc}]
[8]
[9]
[10]
[11]
[12]
[13]
[14]
[15]
(/usr/local/texlive/2025/texmf-dist/tex/latex/sourcesanspro/OT1SourceSansPro-TL
F.fd)<<ot1.cmap>>
[16{/usr/local/texlive/2025/texmf-dist/fonts/enc/dvips/sourcesanspro/a_ea4zg5.e
nc}]
[17]
[18]
[19])
[20] (./chapters/00_home.tex) (./chapters/Volume_I_Ordered_Chiral_Geometry.tex
[1]
[2]
[3{/usr/local/texlive/2025/texmf-dist/fonts/enc/dvips/ebgaramond/ebg_ljow5q.enc
}]
[4]
[5]
[6]
[7
checksum mismatch in font ntxebgmia.vf ignored
character width mismatch in font ntxebgmia.vf ignored
character width mismatch in font ntxebgmia.vf ignored
character width mismatch in font ntxebgmia.vf ignored
character width mismatch in font ntxebgmia.vf ignored
character width mismatch in font ntxebgmia.vf ignored
character width mismatch in font ntxebgmia.vf ignored
character width mismatch in font ntxebgmia.vf ignored
character width mismatch in font ntxebgmia.vf ignored
character width mismatch in font ntxebgmia.vf ignored]
[8]
[9]

Package amsrefs Warning: Use of \cites is recommended instead of \cite 
(amsrefs)                for multiple cites 'FG12,Heuts' on input line 130.


[10
checksum mismatch in font ntxebgmia.vf ignored
character width mismatch in font ntxebgmia.vf ignored
character width mismatch in font ntxebgmia.vf ignored
character width mismatch in font ntxebgmia.vf ignored
character width mismatch in font ntxebgmia.vf ignored
character width mismatch in font ntxebgmia.vf ignored
character width mismatch in font ntxebgmia.vf ignored
character width mismatch in font ntxebgmia.vf ignored
character width mismatch in font ntxebgmia.vf ignored
character width mismatch in font ntxebgmia.vf ignored]
[11]
[12]
[13]
[14]
[15]
[16]
[17]
[18]
[19]
[20]
[21]
[22]
[23] (./chapters/ordered_native_collision.tex
[24]
[25]

Package amsrefs Warning: The form \cite{...}*{...} is recommended
(amsrefs)                instead of \cite[...]{...} on input line 83.


[26]
[27]
[28]
[29]
[30]
[31])
[32]
[33]
[34]
[35]
[36]
[37]
[38]
[39]
[40]
[41]
[42]
[43]
[44]
[45]
[46]
[47]
[48]
[49]
[50]
[51]
[52]
[53]
[54]
[55]
[56]
[57]
[58]
[59
checksum mismatch in font ntxebgmia.vf ignored
character width mismatch in font ntxebgmia.vf ignored
character width mismatch in font ntxebgmia.vf ignored
character width mismatch in font ntxebgmia.vf ignored
character width mismatch in font ntxebgmia.vf ignored
character width mismatch in font ntxebgmia.vf ignored
character width mismatch in font ntxebgmia.vf ignored
character width mismatch in font ntxebgmia.vf ignored
character width mismatch in font ntxebgmia.vf ignored
character width mismatch in font ntxebgmia.vf ignored]
[60]
[61]
[62]
[63]
[64]
[65]
[66]
[67]
[68]
[69]
[70]
[71]
[72]
[73]
[74]
[75]
[76]
[77]
[78]
[79]
[80]
[81]
[82]
[83]
[84]
[85]
[86]
[87]
[88]
[89]
[90]
[91]
[92]
[93]
[94]
[95
checksum mismatch in font ntxebgmia.vf ignored
character width mismatch in font ntxebgmia.vf ignored
character width mismatch in font ntxebgmia.vf ignored
character width mismatch in font ntxebgmia.vf ignored
character width mismatch in font ntxebgmia.vf ignored
character width mismatch in font ntxebgmia.vf ignored
character width mismatch in font ntxebgmia.vf ignored
character width mismatch in font ntxebgmia.vf ignored
character width mismatch in font ntxebgmia.vf ignored
character width mismatch in font ntxebgmia.vf ignored]
[96]
[97]
[98]
[99]
[100]
[101]
[102]
[103]
[104]
[105]
[106]
[107]
[108]
[109]
[110]) (./chapters/Volume_I_audit_and_obstructions.tex
[111]
[112]
[113]
[114
checksum mismatch in font ntxebgmia.vf ignored
character width mismatch in font ntxebgmia.vf ignored
character width mismatch in font ntxebgmia.vf ignored
character width mismatch in font ntxebgmia.vf ignored
character width mismatch in font ntxebgmia.vf ignored
character width mismatch in font ntxebgmia.vf ignored
character width mismatch in font ntxebgmia.vf ignored
character width mismatch in font ntxebgmia.vf ignored
character width mismatch in font ntxebgmia.vf ignored
character width mismatch in font ntxebgmia.vf ignored]
[115]
[116]
[117]) (./chapters/Volume_II_Mixed_HT_Deligne_Theory.tex
[118]
[119]
[120]
[121]
[122]
[123]
[124]
[125]
[126]
[127]
[128]
[129]
[130]
[131]
[132]
[133]
[134]
[135]
[136]
[137]
[138]
[139]
[140]
[141]
[142]
[143
checksum mismatch in font ntxebgmia.vf ignored
character width mismatch in font ntxebgmia.vf ignored
character width mismatch in font ntxebgmia.vf ignored
character width mismatch in font ntxebgmia.vf ignored
character width mismatch in font ntxebgmia.vf ignored
character width mismatch in font ntxebgmia.vf ignored
character width mismatch in font ntxebgmia.vf ignored
character width mismatch in font ntxebgmia.vf ignored
character width mismatch in font ntxebgmia.vf ignored
character width mismatch in font ntxebgmia.vf ignored]
[144]
[145]
[146]
[147]
[148]
[149]
[150]
[151]
[152]
[153]
[154]
[155]
[156]
[157]
[158]
[159]
[160]
[161]
[162]
[163]
[164]
[165]
[166]
[167]
[168]
[169]
[170]
[171]
[172]
[173]
[174]
[175]
[176]
[177]
[178]
[179]
[180]
[181]
[182]) (./chapters/Volume_III_Igusa_Borcherds_Theory.tex
[183]
[184]
[185]
[186]
[187]
[188]
[189]
[190]
[191]
[192]
[193]
[194]
[195]
[196]
[197]
[198]
[199]
[200]
[201]
[202]
[203]
[204]
[205]
[206]
[207
checksum mismatch in font ntxebgmia.vf ignored
character width mismatch in font ntxebgmia.vf ignored
character width mismatch in font ntxebgmia.vf ignored
character width mismatch in font ntxebgmia.vf ignored
character width mismatch in font ntxebgmia.vf ignored
character width mismatch in font ntxebgmia.vf ignored
character width mismatch in font ntxebgmia.vf ignored
character width mismatch in font ntxebgmia.vf ignored
character width mismatch in font ntxebgmia.vf ignored
character width mismatch in font ntxebgmia.vf ignored]
[208]
[209]
[210]
Underfull \hbox (badness 2698) in paragraph at lines 594--595
[]\T1/EBGaramond-OsF/sb/n/10.95 (+18) Definition 79.2 \T1/EBGaramond-OsF/m/n/10
.95 (+18) (The lo-cal--wrapped fac-tor-iza-tion op-erad)\T1/EBGaramond-OsF/sb/n
/10.95 (+18) . []\T1/EBGaramond-OsF/m/n/10.95 (+18) Let $[][]$ de-note the cho-
sen chi-

[211]
[212]
[213]
[214]
[215]
[216]
[217]
[218]
[219]
[220]
[221]
[222]
[223]
[224]
[225]
[226]
[227]
[228]
[229]
[230]
[231]
[232]
[233]
[234]
[235]
[236]
[237]
[238]
[239]
[240]
[241]
[242]
[243]
[244]
[245]
[246]
[247]
[248]
Overfull \hbox (1.77861pt too wide) in paragraph at lines 1311--1312
[]\T1/EBGaramond-OsF/m/it/10.95 (-12) its raw mul-ti-par-ti-cle su-per-char-ac-
ter is $\OML/ntxebgmi/m/it/10.95 P[]$\T1/EBGaramond-OsF/m/it/10.95 (-12) , wher
e $\OML/ntxebgmi/m/it/10.95 e[]P \U/ntxmia/m/it/10.95 = [][]$\T1/EBGaramond-OsF
/m/it/10.95 (-12) ; equiv-a-lently $\OML/ntxebgmi/m/it/10.95 e[] [] []\LMS/ntxs
y/m/n/10.95 ¹[]º \U/ntxmia/m/it/10.95 =

[249]
[250]
[251]
[252]
[253]
[254]
[255]
[256]
[257]
[258]
[259]
[260]
[261]
[262]) (./chapters/Volume_IV_Calabi_Yau_Quantum_Groups.tex
[263]
[264]
[265]
[266]
[267]
[268]
[269]
[270]
[271]
[272]
[273]
[274]
[275]
[276]
[277]
[278]
[279]
[280]
[281]
[282]
[283]
[284]
[285]
[286]
[287]
[288]
[289]
[290]
[291]
[292]
[293]
[294]
[295]
[296]
[297]
[298]
[299]
[300]
[301]
[302]
[303]
[304]
[305]
[306]
[307]
[308]
[309]
[310]
[311]
[312]
[313]
[314]
Underfull \hbox (badness 3872) in paragraph at lines 531--533
\T1/EBGaramond-OsF/m/it/10.95 (+18) They gen-er-ate the rank-twenty-four Heisen
-berg al-ge-bra act-ing ir-re-ducibly on $\U/ntxmia/m/it/10.95 È[]$ \T1/EBGaram
ond-OsF/m/it/10.95 (+18) with vac-uum

[315]
[316]
[317]
[318]
[319]
[320]
[321]
[322]
[323]
[324]
[325]
[326]
[327]
[328]
[329]
[330]
[331]
[332]
[333]
[334]
[335]
[336]
[337]
[338]
[339]
[340]
[341]
[342]
[343]
[344]
[345]
[346]
[347]
[348]
[349]
[350]
[351]
[352]
[353]
[354]
[355]
[356]
[357]
[358]
[359]
[360]
[361]
[362]
[363]
[364]
[365]
[366]
[367]
[368]
[369]
[370]
[371]
[372]
[373]
[374]
[375]
[376]
[377]
[378]
[379]
[380]
[381]
[382]
[383]
[384]
[385]
[386]
[387]
[388]
[389]
[390]
[391
checksum mismatch in font ntxebgmia.vf ignored
character width mismatch in font ntxebgmia.vf ignored
character width mismatch in font ntxebgmia.vf ignored
character width mismatch in font ntxebgmia.vf ignored
character width mismatch in font ntxebgmia.vf ignored
character width mismatch in font ntxebgmia.vf ignored
character width mismatch in font ntxebgmia.vf ignored
character width mismatch in font ntxebgmia.vf ignored
character width mismatch in font ntxebgmia.vf ignored
character width mismatch in font ntxebgmia.vf ignored
checksum mismatch in font ntxebgmia.vf ignored
character width mismatch in font ntxebgmia.vf ignored
character width mismatch in font ntxebgmia.vf ignored
character width mismatch in font ntxebgmia.vf ignored
character width mismatch in font ntxebgmia.vf ignored
character width mismatch in font ntxebgmia.vf ignored
character width mismatch in font ntxebgmia.vf ignored
character width mismatch in font ntxebgmia.vf ignored
character width mismatch in font ntxebgmia.vf ignored
character width mismatch in font ntxebgmia.vf ignored]
[392]
[393]
[394]
[395]
[396]
[397]
[398]
[399]
[400]
[401]
[402]
[403]
[404]) (./chapters/Volume_V_Universal_Chiral_BV_and_Einstein_Completion.tex
[405]
[406]
[407]
[408]
[409]
[410]
[411]
[412]
[413]
[414]
[415]
[416]
[417]
[418]
[419]
[420]
[421]
[422]
[423]
[424]
[425]
[426]
[427]
[428]
[429]
[430]
[431]
[432]
[433]
[434]
[435]
[436]
[437]
[438]
[439]
[440]
[441]
[442]
[443]
[444]
[445]
[446]
[447]
[448]
[449]
[450]
[451]
[452]
[453]
[454]
[455]
[456]
[457]
[458]
[459]
[460]
[461]
[462]
[463]
[464]
[465]
[466]
[467]
[468]
[469]
[470]
[471]
[472]
[473]
[474]
[475]
[476]
[477]
[478]
[479]
[480]
[481]
[482]) (./compat_reconstruction.tex)
[483]
[484]
[485]
[486] (../reconstruction/core/part1_foundations.tex
[487]
[488]
[489]
[490]
[491]
[492]
[493]
[494]
[495]
[496]

Package hyperref Warning: Token not allowed in a PDF string (Unicode):
(hyperref)                removing `math shift' on input line 348.


Package hyperref Warning: Token not allowed in a PDF string (Unicode):
(hyperref)                removing `subscript' on input line 348.


[497]
[498]
[499]
[500]
[501]

Package hyperref Warning: Token not allowed in a PDF string (Unicode):
(hyperref)                removing `math shift' on input line 489.


[502]) (../reconstruction/core/part2_duality.tex
[503]
[504]
[505]
[506]
[507]
[508]
[509]
[510]
[511]
[512]
[513]
[514]
[515]) (../reconstruction/core/part3_examples.tex
[516]
[517]
[518]
[519]
[520]
[521]
[522]
[523]
[524]
[525]
[526]
[527]
[528]
[529]
[530]
[531]
[532]
[533]
[534]

Package hyperref Warning: Token not allowed in a PDF string (Unicode):
(hyperref)                removing `math shift' on input line 710.


Package hyperref Warning: Token not allowed in a PDF string (Unicode):
(hyperref)                removing `subscript' on input line 710.


[535]
[536]
[537]

Package hyperref Warning: Token not allowed in a PDF string (Unicode):
(hyperref)                removing `math shift' on input line 895.


Package hyperref Warning: Token not allowed in a PDF string (Unicode):
(hyperref)                removing `subscript' on input line 895.


[538]
[539]
[540]

Package hyperref Warning: Token not allowed in a PDF string (Unicode):
(hyperref)                removing `math shift' on input line 916.


Package hyperref Warning: Token not allowed in a PDF string (Unicode):
(hyperref)                removing `subscript' on input line 916.


[541]) (../reconstruction/core/part4_physics.tex
[542]
[543]
[544]
[545]

Package hyperref Warning: Token not allowed in a PDF string (Unicode):
(hyperref)                removing `math shift' on input line 104.


Package hyperref Warning: Token not allowed in a PDF string (Unicode):
(hyperref)                removing `subscript' on input line 104.


[546]
[547]
[548]
[549]
[550]
[551]
[552]
[553]
[554]
Underfull \hbox (badness 10000) in paragraph at lines 403--403
[]|\T1/EBGaramond-OsF/sb/n/10.95 (+18) Conformal/determinant

[555]
[556]
[557]
Underfull \hbox (badness 10000) in paragraph at lines 479--486
\T1/EBGaramond-OsF/m/n/10.95 (+18) out in \T1/zi4/m/n/10.95 Volume_III_Igusa_Bo
rcherds_Theory.tex \T1/EBGaramond-OsF/m/n/10.95 (+18) of the platonic-integrate
d spine, de-ployed

Underfull \hbox (badness 10000) in paragraph at lines 479--486
\T1/EBGaramond-OsF/m/n/10.95 (+18) at \T1/zi4/m/n/10.95 igusa-cusp-form/platoni
c/ \T1/EBGaramond-OsF/m/n/10.95 (+18) and \T1/zi4/m/n/10.95 calabi-yau-quantum-
groups/platonic/\T1/EBGaramond-OsF/m/n/10.95 (+18) ; the weight is

[558{/usr/local/texlive/2025/texmf-dist/fonts/enc/dvips/inconsolata/i4-t1-0.enc
}]
[559]) (../reconstruction/core/part5_audit.tex
[560]
Underfull \hbox (badness 10000) in paragraph at lines 26--27
[]\T1/EBGaramond-OsF/sb/n/10.95 (+18) Bar--cobar is not an equiv-a-lence with-o
ut com-ple-tion. \T1/EBGaramond-OsF/m/n/10.95 (+18) The out-put is nil-com-ple-


[561]
[562]
[563]
[564]
Underfull \hbox (badness 10000) in paragraph at lines 89--89
[]|\T1/EBGaramond-OsF/m/n/10.95 (+18) relative quiver al-ge-bra

Underfull \hbox (badness 10000) in paragraph at lines 90--91
[]|\T1/EBGaramond-OsF/m/n/10.95 (+18) flatness, uni-tar-ity, Yang--Baxter,

[565]
[566]
[567]) (../reconstruction/core/appendices.tex
[568]
[569]
[570] [571]

Package hyperref Warning: Token not allowed in a PDF string (Unicode):
(hyperref)                removing `math shift' on input line 148.


Package hyperref Warning: Token not allowed in a PDF string (Unicode):
(hyperref)                removing `subscript' on input line 148.


Package hyperref Warning: Token not allowed in a PDF string (Unicode):
(hyperref)                removing `math shift' on input line 154.


Package hyperref Warning: Token not allowed in a PDF string (Unicode):
(hyperref)                removing `subscript' on input line 154.


Package hyperref Warning: Token not allowed in a PDF string (Unicode):
(hyperref)                removing `math shift' on input line 154.


[572]
[573]
[574]
(/usr/local/texlive/2025/texmf-dist/tex/latex/ebgaramond/TS1EBGaramond-OsF.fd)
[575{/usr/local/texlive/2025/texmf-dist/fonts/enc/dvips/ebgaramond/ebg_yod6vr.e
nc}]
[576]
[577]
[578]
Underfull \hbox (badness 10000) in paragraph at lines 249--249
[]|\T1/EBGaramond-OsF/m/n/10.95 (+18) factorisable

Underfull \hbox (badness 10000) in paragraph at lines 249--249
[]|\T1/EBGaramond-OsF/m/n/10.95 (+18) singular

Underfull \hbox (badness 10000) in paragraph at lines 249--249
\T1/EBGaramond-OsF/m/n/10.95 (+18) OPE/principal

Underfull \hbox (badness 10000) in paragraph at lines 249--250
[]|\T1/EBGaramond-OsF/m/n/10.95 (+18) diagonal ex-ten-sion, co-or-di-nate

Underfull \hbox (badness 4429) in paragraph at lines 252--252
[]|$\OT1/SourceSansPro-TLF/regular/n/10.95 (+18) E[]$\T1/EBGaramond-OsF/m/n/10.
95 (+18) -lift or con-nec-

Underfull \hbox (badness 10000) in paragraph at lines 255--255
[]|\T1/EBGaramond-OsF/m/n/10.95 (+18) conformal-block

Underfull \hbox (badness 10000) in paragraph at lines 257--257
[]|\T1/EBGaramond-OsF/m/n/10.95 (+18) augmentation

Underfull \hbox (badness 10000) in paragraph at lines 257--257
[]|\T1/EBGaramond-OsF/m/n/10.95 (+18) boundary Koszul

Underfull \hbox (badness 10000) in paragraph at lines 258--258
[]|\T1/EBGaramond-OsF/m/n/10.95 (+18) Hochschild

Underfull \hbox (badness 10000) in paragraph at lines 259--259
[]|\T1/EBGaramond-OsF/m/n/10.95 (+18) boundary-changing

Underfull \hbox (badness 10000) in paragraph at lines 260--260
[]|\T1/EBGaramond-OsF/m/n/10.95 (+18) ordered nor-mal

Underfull \hbox (badness 10000) in paragraph at lines 261--261
[]|\T1/EBGaramond-OsF/m/n/10.95 (+18) RTT mon-

Underfull \hbox (badness 10000) in paragraph at lines 263--263
[]|\T1/EBGaramond-OsF/m/n/10.95 (+18) Hamiltonian trace

Underfull \hbox (badness 10000) in paragraph at lines 264--264
[]|\T1/EBGaramond-OsF/m/n/10.95 (+18) quantum ob-serv-
[579])
[580] (./main.bbl

Package rkeyval Warning: Unknown key: \bib'how on input line 22.


[581]

Package rkeyval Warning: Unknown key: \bib'how on input line 330.


[582])
[583] (./main.aux) )
(see the transcript file for additional information)</usr/local/texlive/2025/te
xmf-dist/fonts/type1/public/ebgaramond/EBGaramond-Bold.pfb></usr/local/texlive/
2025/texmf-dist/fonts/type1/public/ebgaramond/EBGaramond-Italic.pfb></usr/local
/texlive/2025/texmf-dist/fonts/type1/public/ebgaramond/EBGaramond-Regular.pfb><
/usr/local/texlive/2025/texmf-dist/fonts/type1/public/ebgaramond/EBGaramond-Sem
iBold.pfb></usr/local/texlive/2025/texmf-dist/fonts/type1/public/inconsolata/In
consolata-zi4r.pfb></usr/local/texlive/2025/texmf-dist/fonts/type1/public/newtx
/NewTXMI.pfb></usr/local/texlive/2025/texmf-dist/fonts/type1/adobe/sourcesanspr
o/SourceSansPro-Regular.pfb></usr/local/texlive/2025/texmf-dist/fonts/type1/pub
lic/newtx/ebgMI.pfb></usr/local/texlive/2025/texmf-dist/fonts/type1/public/newt
x/ebgMRM.pfb></usr/local/texlive/2025/texmf-dist/fonts/type1/public/amsfonts/sy
mbols/msam10.pfb></usr/local/texlive/2025/texmf-dist/fonts/type1/public/amsfont
s/symbols/msbm10.pfb></usr/local/texlive/2025/texmf-dist/fonts/type1/public/ams
fonts/symbols/msbm7.pfb></usr/local/texlive/2025/texmf-dist/fonts/type1/public/
rsfs/rsfs10.pfb></usr/local/texlive/2025/texmf-dist/fonts/type1/public/rsfs/rsf
s7.pfb></usr/local/texlive/2025/texmf-dist/fonts/type1/public/newtx/txexs.pfb><
/usr/local/texlive/2025/texmf-dist/fonts/type1/public/newtx/txmiaSTbb.pfb></usr
/local/texlive/2025/texmf-dist/fonts/type1/public/newtx/txmiaX.pfb></usr/local/
texlive/2025/texmf-dist/fonts/type1/public/txfonts/txsyc.pfb></usr/local/texliv
e/2025/texmf-dist/fonts/type1/public/newtx/txsys.pfb>
Output written on main.pdf (603 pages, 1296036 bytes).
Transcript written on main.log.
